// Jest Snapshot v1, https://jestjs.io/docs/snapshot-testing

exports[`should display when state is truthy 1`] = `
<div>
  Hello
</div>
`;

exports[`should handle arrays in the state tree 1`] = `
<div>
  Hello
</div>
`;

exports[`should handle paths in the state tree 1`] = `
<div>
  Hello
</div>
`;
